
> consciousness-mcp-server@1.0.0 test
> jest

node.exe : PASS src/validation/input-validator.test.ts (5.832 s)
At C:\Program Files\nodejs\npm.ps1:29 char:3
+   & $NODE_EXE $NPM_CLI_JS $args
+   ~~~~~~~~~~~~~~~~~~~~~~~~~~~~~
    + CategoryInfo          : NotSpecified: (PASS src/valida...st.ts (5.832 s):String) [], RemoteExcepti 
   on
    + FullyQualifiedErrorId : NativeCommandError
 
PASS src/tools/time/time-tools.test.ts (6.115 s)
FAIL src/tools/configuration/configuration-tools.test.ts (6.634 s)
  ΓùÅ Console

    console.log
      Seeding configuration values...

      at seedConfiguration (src/db/seed-configuration.ts:979:11)

    console.log
      ΓÜ¬ Skipped: consciousness.max_topic_length (already exists with value: 500)

      at seedConfiguration (src/db/seed-configuration.ts:990:17)

    console.log
      ΓÜ¬ Skipped: consciousness.max_context_length (already exists with value: 1000)

      at seedConfiguration (src/db/seed-configuration.ts:990:17)

    console.log
      ΓÜ¬ Skipped: consciousness.max_snippet_length (already exists with value: 100)

      at seedConfiguration (src/db/seed-configuration.ts:990:17)

    console.log
      ΓÜ¬ Skipped: consciousness.max_memory_slice (already exists with value: 5)

      at seedConfiguration (src/db/seed-configuration.ts:990:17)

    console.log
      ΓÜ¬ Skipped: consciousness.max_intention_length (already exists with value: 500)

      at seedConfiguration (src/db/seed-configuration.ts:990:17)

    console.log
      ΓÜ¬ Skipped: consciousness.max_progress_note_length (already exists with value: 500)

      at seedConfiguration (src/db/seed-configuration.ts:990:17)

    console.log
      ΓÜ¬ Skipped: consciousness.max_intention_id_length (already exists with value: 100)

      at seedConfiguration (src/db/seed-configuration.ts:990:17)

    console.log
      ΓÜ¬ Skipped: consciousness.max_insight_length (already exists with value: 1000)

      at seedConfiguration (src/db/seed-configuration.ts:990:17)

    console.log
      ΓÜ¬ Skipped: consciousness.max_related_topic_length (already exists with value: 200)

      at seedConfiguration (src/db/seed-configuration.ts:990:17)

    console.log
      ΓÜ¬ Skipped: consciousness.max_source_length (already exists with value: 200)

      at seedConfiguration (src/db/seed-configuration.ts:990:17)

    console.log
      ΓÜ¬ Skipped: consciousness.default_confidence (already exists with value: 0.8)

      at seedConfiguration (src/db/seed-configuration.ts:990:17)

    console.log
      ΓÜ¬ Skipped: consciousness.high_confidence_threshold (already exists with value: 0.8)

      at seedConfiguration (src/db/seed-configuration.ts:990:17)

    console.log
      ΓÜ¬ Skipped: consciousness.medium_confidence_threshold (already exists with value: 0.6)

      at seedConfiguration (src/db/seed-configuration.ts:990:17)

    console.log
      ΓÜ¬ Skipped: consciousness.session_id_suffix_length (already exists with value: 8)

      at seedConfiguration (src/db/seed-configuration.ts:990:17)

    console.log
      ΓÜ¬ Skipped: consciousness.intention_id_suffix_length (already exists with value: 6)

      at seedConfiguration (src/db/seed-configuration.ts:990:17)

    console.log
      ΓÜ¬ Skipped: consciousness.insight_id_suffix_length (already exists with value: 6)

      at seedConfiguration (src/db/seed-configuration.ts:990:17)

    console.log
      ΓÜ¬ Skipped: consciousness.complex_operation_load_increase (already exists with value: 0.1)

      at seedConfiguration (src/db/seed-configuration.ts:990:17)

    console.log
      ΓÜ¬ Skipped: consciousness.simple_operation_load_increase (already exists with value: 0.05)

      at seedConfiguration (src/db/seed-configuration.ts:990:17)

    console.log
      ΓÜ¬ Skipped: consciousness.min_cognitive_load (already exists with value: 0.1)

      at seedConfiguration (src/db/seed-configuration.ts:990:17)

    console.log
      ΓÜ¬ Skipped: consciousness.max_cognitive_load (already exists with value: 1)

      at seedConfiguration (src/db/seed-configuration.ts:990:17)

    console.log
      ΓÜ¬ Skipped: consciousness.cognitive_load_decay_time (already exists with value: 30000)

      at seedConfiguration (src/db/seed-configuration.ts:990:17)

    console.log
      ΓÜ¬ Skipped: consciousness.cognitive_load_decay_amount (already exists with value: 0.05)

      at seedConfiguration (src/db/seed-configuration.ts:990:17)

    console.log
      ΓÜ¬ Skipped: consciousness.max_connection_display (already exists with value: 3)

      at seedConfiguration (src/db/seed-configuration.ts:990:17)

    console.log
      ΓÜ¬ Skipped: consciousness.base_confidence (already exists with value: 0.7)

      at seedConfiguration (src/db/seed-configuration.ts:990:17)

    console.log
      ΓÜ¬ Skipped: consciousness.deep_confidence_boost (already exists with value: 0.1)

      at seedConfiguration (src/db/seed-configuration.ts:990:17)

    console.log
      ΓÜ¬ Skipped: consciousness.profound_confidence_boost (already exists with value: 0.15)

      at seedConfiguration (src/db/seed-configuration.ts:990:17)

    console.log
      ΓÜ¬ Skipped: consciousness.memory_confidence_boost (already exists with value: 0.02)

      at seedConfiguration (src/db/seed-configuration.ts:990:17)

    console.log
      ΓÜ¬ Skipped: consciousness.connection_confidence_boost (already exists with value: 0.03)

      at seedConfiguration (src/db/seed-configuration.ts:990:17)

    console.log
      ΓÜ¬ Skipped: consciousness.max_confidence_boost (already exists with value: 0.1)

      at seedConfiguration (src/db/seed-configuration.ts:990:17)

    console.log
      ΓÜ¬ Skipped: consciousness.simulated_response_time_base (already exists with value: 50)

      at seedConfiguration (src/db/seed-configuration.ts:990:17)

    console.log
      ΓÜ¬ Skipped: consciousness.simulated_response_time_variance (already exists with value: 20)

      at seedConfiguration (src/db/seed-configuration.ts:990:17)

    console.log
      ΓÜ¬ Skipped: consciousness.memory_utilization_denominator (already exists with value: 1000)

      at seedConfiguration (src/db/seed-configuration.ts:990:17)

    console.log
      ΓÜ¬ Skipped: consciousness.pattern_recognition_base (already exists with value: 0.88)

      at seedConfiguration (src/db/seed-configuration.ts:990:17)

    console.log
      ΓÜ¬ Skipped: consciousness.semantic_coherence_base (already exists with value: 0.91)

      at seedConfiguration (src/db/seed-configuration.ts:990:17)

    console.log
      ΓÜ¬ Skipped: consciousness.base_intention_alignment (already exists with value: 0.75)

      at seedConfiguration (src/db/seed-configuration.ts:990:17)

    console.log
      ΓÜ¬ Skipped: consciousness.high_awareness_boost (already exists with value: 0.15)

      at seedConfiguration (src/db/seed-configuration.ts:990:17)

    console.log
      ΓÜ¬ Skipped: consciousness.low_awareness_boost (already exists with value: 0.05)

      at seedConfiguration (src/db/seed-configuration.ts:990:17)

    console.log
      ΓÜ¬ Skipped: consciousness.milliseconds_per_hour (already exists with value: 3600000)

      at seedConfiguration (src/db/seed-configuration.ts:990:17)

    console.log
      ΓÜ¬ Skipped: consciousness.min_learning_rate (already exists with value: 0.05)

      at seedConfiguration (src/db/seed-configuration.ts:990:17)

    console.log
      ΓÜ¬ Skipped: consciousness.max_learning_rate (already exists with value: 0.5)

      at seedConfiguration (src/db/seed-configuration.ts:990:17)

    console.log
      ΓÜ¬ Skipped: consciousness.base_learning_rate (already exists with value: 0.2)

      at seedConfiguration (src/db/seed-configuration.ts:990:17)

    console.log
      ΓÜ¬ Skipped: consciousness.reflection_depth_base (already exists with value: 0.65)

      at seedConfiguration (src/db/seed-configuration.ts:990:17)

    console.log
      ΓÜ¬ Skipped: consciousness.reflection_depth_variance (already exists with value: 0.2)

      at seedConfiguration (src/db/seed-configuration.ts:990:17)

    console.log
      ΓÜ¬ Skipped: consciousness.max_keyword_extraction (already exists with value: 3)

      at seedConfiguration (src/db/seed-configuration.ts:990:17)

    console.log
      ΓÜ¬ Skipped: consciousness.random_selection_divisor (already exists with value: 2)

      at seedConfiguration (src/db/seed-configuration.ts:990:17)

    console.log
      ΓÜ¬ Skipped: validation.default_max_length (already exists with value: 1000)

      at seedConfiguration (src/db/seed-configuration.ts:990:17)

    console.log
      ΓÜ¬ Skipped: validation.max_key_length (already exists with value: 255)

      at seedConfiguration (src/db/seed-configuration.ts:990:17)

    console.log
      ΓÜ¬ Skipped: validation.max_search_query_length (already exists with value: 500)

      at seedConfiguration (src/db/seed-configuration.ts:990:17)

    console.log
      ΓÜ¬ Skipped: validation.max_entity_name_length (already exists with value: 255)

      at seedConfiguration (src/db/seed-configuration.ts:990:17)

    console.log
      ΓÜ¬ Skipped: memory.max_tag_length (already exists with value: 100)

      at seedConfiguration (src/db/seed-configuration.ts:990:17)

    console.log
      ΓÜ¬ Skipped: memory.max_entity_type_length (already exists with value: 100)

      at seedConfiguration (src/db/seed-configuration.ts:990:17)

    console.log
      ΓÜ¬ Skipped: memory.max_relationship_type_length (already exists with value: 100)

      at seedConfiguration (src/db/seed-configuration.ts:990:17)

    console.log
      ΓÜ¬ Skipped: memory.max_access_count_normalization (already exists with value: 10)

      at seedConfiguration (src/db/seed-configuration.ts:990:17)

    console.log
      ΓÜ¬ Skipped: memory.min_graph_depth (already exists with value: 1)

      at seedConfiguration (src/db/seed-configuration.ts:990:17)

    console.log
      ΓÜ¬ Skipped: memory.max_graph_depth (already exists with value: 5)

      at seedConfiguration (src/db/seed-configuration.ts:990:17)

    console.log
      ΓÜ¬ Skipped: memory.decimal_precision (already exists with value: 100)

      at seedConfiguration (src/db/seed-configuration.ts:990:17)

    console.log
      ΓÜ¬ Skipped: memory.content_weight (already exists with value: 0.4)

      at seedConfiguration (src/db/seed-configuration.ts:990:17)

    console.log
      ΓÜ¬ Skipped: memory.tag_weight (already exists with value: 0.3)

      at seedConfiguration (src/db/seed-configuration.ts:990:17)

    console.log
      ΓÜ¬ Skipped: memory.importance_weight (already exists with value: 0.2)

      at seedConfiguration (src/db/seed-configuration.ts:990:17)

    console.log
      ΓÜ¬ Skipped: memory.access_weight (already exists with value: 0.1)

      at seedConfiguration (src/db/seed-configuration.ts:990:17)

    console.log
      ΓÜ¬ Skipped: memory.importance_score_low (already exists with value: 0.25)

      at seedConfiguration (src/db/seed-configuration.ts:990:17)

    console.log
      ΓÜ¬ Skipped: memory.importance_score_medium (already exists with value: 0.5)

      at seedConfiguration (src/db/seed-configuration.ts:990:17)

    console.log
      ΓÜ¬ Skipped: memory.importance_score_high (already exists with value: 0.75)

      at seedConfiguration (src/db/seed-configuration.ts:990:17)

    console.log
      ΓÜ¬ Skipped: memory.importance_score_critical (already exists with value: 1)

      at seedConfiguration (src/db/seed-configuration.ts:990:17)

    console.log
      ΓÜ¬ Skipped: reasoning.max_thought_length (already exists with value: 2000)

      at seedConfiguration (src/db/seed-configuration.ts:990:17)

    console.log
      ΓÜ¬ Skipped: reasoning.max_branch_id_length (already exists with value: 50)

      at seedConfiguration (src/db/seed-configuration.ts:990:17)

    console.log
      ΓÜ¬ Skipped: reasoning.summary_length (already exists with value: 200)

      at seedConfiguration (src/db/seed-configuration.ts:990:17)

    console.log
      ΓÜ¬ Skipped: reasoning.milliseconds_per_second (already exists with value: 1000)

      at seedConfiguration (src/db/seed-configuration.ts:990:17)

    console.log
      ΓÜ¬ Skipped: time.deep_night_hour_threshold (already exists with value: 6)

      at seedConfiguration (src/db/seed-configuration.ts:990:17)

    console.log
      ΓÜ¬ Skipped: time.morning_hour_threshold (already exists with value: 12)

      at seedConfiguration (src/db/seed-configuration.ts:990:17)

    console.log
      ΓÜ¬ Skipped: time.afternoon_hour_threshold (already exists with value: 18)

      at seedConfiguration (src/db/seed-configuration.ts:990:17)

    console.log
      ΓÜ¬ Skipped: time.evening_hour_threshold (already exists with value: 22)

      at seedConfiguration (src/db/seed-configuration.ts:990:17)

    console.log
      ΓÜ¬ Skipped: time.rest_hour_threshold (already exists with value: 6)

      at seedConfiguration (src/db/seed-configuration.ts:990:17)

    console.log
      ΓÜ¬ Skipped: time.awakening_hour_threshold (already exists with value: 9)

      at seedConfiguration (src/db/seed-configuration.ts:990:17)

    console.log
      ΓÜ¬ Skipped: time.active_hour_threshold (already exists with value: 17)

      at seedConfiguration (src/db/seed-configuration.ts:990:17)

    console.log
      ΓÜ¬ Skipped: time.winding_down_hour_threshold (already exists with value: 21)

      at seedConfiguration (src/db/seed-configuration.ts:990:17)

    console.log
      ΓÜ¬ Skipped: time.milliseconds_per_second (already exists with value: 1000)

      at seedConfiguration (src/db/seed-configuration.ts:990:17)

    console.log
      ΓÜ¬ Skipped: personality.priority_levels (already exists with value: 
["whisper","gentle_nudge","urgent_pulse","burning_focus"])

      at seedConfiguration (src/db/seed-configuration.ts:990:17)

    console.log
      ΓÜ¬ Skipped: personality.importance_levels (already exists with value: 
["fleeting_thought","worth_noting","significant_memory","core_truth"])

      at seedConfiguration (src/db/seed-configuration.ts:990:17)

    console.log
      ΓÜ¬ Skipped: personality.reflection_depths (already exists with value: 
["surface_glance","thoughtful_dive","profound_exploration"])

      at seedConfiguration (src/db/seed-configuration.ts:990:17)

    console.log
      ΓÜ¬ Skipped: personality.intention_statuses (already exists with value: 
["pulsing_active","fulfilled_completion","gentle_pause","conscious_release"])

      at seedConfiguration (src/db/seed-configuration.ts:990:17)

    console.log
      ΓÜ¬ Skipped: personality.intention_durations (already exists with value: 
["momentary_focus","daily_rhythm","weekly_arc","eternal_truth"])

      at seedConfiguration (src/db/seed-configuration.ts:990:17)

    console.log
      ΓÜ¬ Skipped: personality.insight_categories (already exists with value: ["eureka_moment","pattern_w
eaving","mirror_gazing","knowledge_crystallization","behavior_archaeology","existential_pondering"])

      at seedConfiguration (src/db/seed-configuration.ts:990:17)

    console.log
      ΓÜ¬ Skipped: social.max_entity_name_length (already exists with value: 100)

      at seedConfiguration (src/db/seed-configuration.ts:990:17)

    console.log
      ΓÜ¬ Skipped: social.max_display_name_length (already exists with value: 150)

      at seedConfiguration (src/db/seed-configuration.ts:990:17)

    console.log
      ΓÜ¬ Skipped: social.max_description_length (already exists with value: 500)

      at seedConfiguration (src/db/seed-configuration.ts:990:17)

    console.log
      ΓÜ¬ Skipped: social.max_notes_length (already exists with value: 1000)

      at seedConfiguration (src/db/seed-configuration.ts:990:17)

    console.log
      ΓÜ¬ Skipped: social.max_context_length (already exists with value: 800)

      at seedConfiguration (src/db/seed-configuration.ts:990:17)

    console.log
      ΓÜ¬ Skipped: social.max_summary_length (already exists with value: 600)

      at seedConfiguration (src/db/seed-configuration.ts:990:17)

    console.log
      ΓÜ¬ Skipped: social.max_learning_length (already exists with value: 800)

      at seedConfiguration (src/db/seed-configuration.ts:990:17)

    console.log
      ΓÜ¬ Skipped: social.max_insight_length (already exists with value: 1000)

      at seedConfiguration (src/db/seed-configuration.ts:990:17)

    console.log
      ΓÜ¬ Skipped: social.max_applicability_length (already exists with value: 400)

      at seedConfiguration (src/db/seed-configuration.ts:990:17)

    console.log
      ΓÜ¬ Skipped: social.max_trigger_length (already exists with value: 300)

      at seedConfiguration (src/db/seed-configuration.ts:990:17)

    console.log
      ΓÜ¬ Skipped: social.max_response_length (already exists with value: 500)

      at seedConfiguration (src/db/seed-configuration.ts:990:17)

    console.log
      ΓÜ¬ Skipped: social.max_recommendation_length (already exists with value: 200)

      at seedConfiguration (src/db/seed-configuration.ts:990:17)

    console.log
      ΓÜ¬ Skipped: social.default_confidence (already exists with value: 0.8)

      at seedConfiguration (src/db/seed-configuration.ts:990:17)

    console.log
      ΓÜ¬ Skipped: social.max_recent_interactions (already exists with value: 10)

      at seedConfiguration (src/db/seed-configuration.ts:990:17)

    console.log
      ΓÜ¬ Skipped: social.max_social_learnings (already exists with value: 15)

      at seedConfiguration (src/db/seed-configuration.ts:990:17)

    console.log
      ΓÜ¬ Skipped: social.max_emotional_patterns (already exists with value: 8)

      at seedConfiguration (src/db/seed-configuration.ts:990:17)

    console.log
      ΓÜ¬ Skipped: social.max_recommendations (already exists with value: 5)

      at seedConfiguration (src/db/seed-configuration.ts:990:17)

    console.log
      ΓÜ¬ Skipped: social.relationship_decay_time (already exists with value: 7776000000)

      at seedConfiguration (src/db/seed-configuration.ts:990:17)

    console.log
      ΓÜ¬ Skipped: social.emotional_intensity_default (already exists with value: 0.5)

      at seedConfiguration (src/db/seed-configuration.ts:990:17)

    console.log
      ΓÜ¬ Skipped: social.quality_default (already exists with value: 0.5)

      at seedConfiguration (src/db/seed-configuration.ts:990:17)

    console.log
      ΓÜ¬ Skipped: social.entity_types (already exists with value: 
["person","group","community","organization","family","professional_network","online_community"])

      at seedConfiguration (src/db/seed-configuration.ts:990:17)

    console.log
      ΓÜ¬ Skipped: social.relationship_types (already exists with value: ["friend","close_friend","family
","colleague","mentor","mentee","collaborator","acquaintance","professional_contact","creative_partner","
teacher","student"])

      at seedConfiguration (src/db/seed-configuration.ts:990:17)

    console.log
      ΓÜ¬ Skipped: social.interaction_types (already exists with value: ["conversation","collaboration","
creative_session","problem_solving","learning_session","casual_chat","deep_discussion","project_work","br
ainstorming","conflict_resolution","celebration","support_session"])

      at seedConfiguration (src/db/seed-configuration.ts:990:17)

    console.log
      ΓÜ¬ Skipped: social.emotional_states (already exists with value: ["neutral","curious","analytical",
"engaged","reflective","determined","excited","enthusiastic","inspired","contemplative","focused","relaxe
d","content","grateful","appreciative","empathetic","supportive","encouraging","nostalgic","hopeful","cau
tious","uncertain","conflicted","overwhelmed","frustrated","disappointed","concerned","protective","conne
cted","understood","misunderstood","respected","valued","included","excluded","lonely","loved","caring"])

      at seedConfiguration (src/db/seed-configuration.ts:990:17)

    console.log
      ΓÜ¬ Skipped: social.learning_types (already exists with value: ["communication_pattern","relationsh
ip_dynamic","emotional_intelligence","conflict_resolution","collaboration_style","personality_insight","c
ultural_understanding","group_dynamic","leadership_observation","empathy_development","boundary_recogniti
on","trust_building","social_cue_recognition","conversation_flow","emotional_support"])

      at seedConfiguration (src/db/seed-configuration.ts:990:17)

    console.log
      ΓÜ¬ Skipped: genai.api_key (already exists with value: )

      at seedConfiguration (src/db/seed-configuration.ts:990:17)

    console.log
      ΓÜ¬ Skipped: genai.model_name (already exists with value: gemini-2.5-flash)

      at seedConfiguration (src/db/seed-configuration.ts:990:17)

    console.log
      ΓÜ¬ Skipped: genai.max_prompt_length (already exists with value: 8000)

      at seedConfiguration (src/db/seed-configuration.ts:990:17)

    console.log
      ΓÜ¬ Skipped: genai.response_timeout_ms (already exists with value: 30000)

      at seedConfiguration (src/db/seed-configuration.ts:990:17)

    console.log
      ΓÜ¬ Skipped: genai.enable_fallback (already exists with value: true)

      at seedConfiguration (src/db/seed-configuration.ts:990:17)

    console.log
      ΓÜ¬ Skipped: daydreaming.enabled (already exists with value: true)

      at seedConfiguration (src/db/seed-configuration.ts:990:17)

    console.log
      ΓÜ¬ Skipped: daydreaming.use_genai_evaluation (already exists with value: true)

      at seedConfiguration (src/db/seed-configuration.ts:990:17)

    console.log
      ΓÜ¬ Skipped: daydreaming.sampling_interval_ms (already exists with value: 300000)

      at seedConfiguration (src/db/seed-configuration.ts:990:17)

    console.log
      ΓÜ¬ Skipped: daydreaming.max_concept_pairs_per_cycle (already exists with value: 3)

      at seedConfiguration (src/db/seed-configuration.ts:990:17)

    console.log
      ΓÜ¬ Skipped: daydreaming.novelty_threshold (already exists with value: 0.6)

      at seedConfiguration (src/db/seed-configuration.ts:990:17)

    console.log
      ΓÜ¬ Skipped: daydreaming.plausibility_threshold (already exists with value: 0.5)

      at seedConfiguration (src/db/seed-configuration.ts:990:17)

    console.log
      ΓÜ¬ Skipped: daydreaming.value_threshold (already exists with value: 0.6)

      at seedConfiguration (src/db/seed-configuration.ts:990:17)

    console.log
      ΓÜ¬ Skipped: daydreaming.max_cognitive_load (already exists with value: 0.7)

      at seedConfiguration (src/db/seed-configuration.ts:990:17)

    console.log
      ΓÜ¬ Skipped: system.cache_expiry_ms (already exists with value: 300000)

      at seedConfiguration (src/db/seed-configuration.ts:990:17)

    console.log
      Configuration seeding complete. Seeded 0 new values, skipped 122 existing values.

      at seedConfiguration (src/db/seed-configuration.ts:1002:11)

  ΓùÅ ConfigurationTools ΓÇ║ execute ΓÇ║ should get configuration categories overview

    expect(received).toHaveProperty(path)

    Expected path: "categories"
    Received path: []

    Received value: {"CONSCIOUSNESS": "Core consciousness and awareness settings", "MEMORY": "Memory 
storage and retrieval configuration", "REASONING": "Reasoning and thinking process parameters", 
"SYSTEM": "System-level operational parameters", "TIME": "Time perception and temporal awareness 
settings", "VALIDATION": "Input validation and security parameters"}

    [0m [90m  96 |[39m       [36mconst[39m result [33m=[39m [36mawait[39m 
configTools[33m.[39mexecute([32m'configuration_categories'[39m[33m,[39m {})[33m;[39m
     [90m  97 |[39m
    [31m[1m>[22m[39m[90m  98 |[39m       
expect(result)[33m.[39mtoHaveProperty([32m'categories'[39m)[33m;[39m
     [90m     |[39m                      [31m[1m^[22m[39m
     [90m  99 |[39m       expect(result)[33m.[39mtoHaveProperty([32m'usage_notes'[39m)[33m;[39m
     [90m 100 |[39m
     [90m 101 |[39m       [36mconst[39m categories [33m=[39m (result [36mas[39m 
any)[33m.[39mcategories[33m;[39m[0m

      at Object.<anonymous> (src/tools/configuration/configuration-tools.test.ts:98:22)

PASS src/tools/memory/memory-tools.test.ts (7.995 s)
  ΓùÅ Console

    console.log
      Seeding configuration values...

      at seedConfiguration (src/db/seed-configuration.ts:979:11)

    console.log
      ΓÜ¬ Skipped: consciousness.max_topic_length (already exists with value: 500)

      at seedConfiguration (src/db/seed-configuration.ts:990:17)

    console.log
      ΓÜ¬ Skipped: consciousness.max_context_length (already exists with value: 1000)

      at seedConfiguration (src/db/seed-configuration.ts:990:17)

    console.log
      ΓÜ¬ Skipped: consciousness.max_snippet_length (already exists with value: 100)

      at seedConfiguration (src/db/seed-configuration.ts:990:17)

    console.log
      ΓÜ¬ Skipped: consciousness.max_memory_slice (already exists with value: 5)

      at seedConfiguration (src/db/seed-configuration.ts:990:17)

    console.log
      ΓÜ¬ Skipped: consciousness.max_intention_length (already exists with value: 500)

      at seedConfiguration (src/db/seed-configuration.ts:990:17)

    console.log
      ΓÜ¬ Skipped: consciousness.max_progress_note_length (already exists with value: 500)

      at seedConfiguration (src/db/seed-configuration.ts:990:17)

    console.log
      ΓÜ¬ Skipped: consciousness.max_intention_id_length (already exists with value: 100)

      at seedConfiguration (src/db/seed-configuration.ts:990:17)

    console.log
      ΓÜ¬ Skipped: consciousness.max_insight_length (already exists with value: 1000)

      at seedConfiguration (src/db/seed-configuration.ts:990:17)

    console.log
      ΓÜ¬ Skipped: consciousness.max_related_topic_length (already exists with value: 200)

      at seedConfiguration (src/db/seed-configuration.ts:990:17)

    console.log
      ΓÜ¬ Skipped: consciousness.max_source_length (already exists with value: 200)

      at seedConfiguration (src/db/seed-configuration.ts:990:17)

    console.log
      ΓÜ¬ Skipped: consciousness.default_confidence (already exists with value: 0.8)

      at seedConfiguration (src/db/seed-configuration.ts:990:17)

    console.log
      ΓÜ¬ Skipped: consciousness.high_confidence_threshold (already exists with value: 0.8)

      at seedConfiguration (src/db/seed-configuration.ts:990:17)

    console.log
      ΓÜ¬ Skipped: consciousness.medium_confidence_threshold (already exists with value: 0.6)

      at seedConfiguration (src/db/seed-configuration.ts:990:17)

    console.log
      ΓÜ¬ Skipped: consciousness.session_id_suffix_length (already exists with value: 8)

      at seedConfiguration (src/db/seed-configuration.ts:990:17)

    console.log
      ΓÜ¬ Skipped: consciousness.intention_id_suffix_length (already exists with value: 6)

      at seedConfiguration (src/db/seed-configuration.ts:990:17)

    console.log
      ΓÜ¬ Skipped: consciousness.insight_id_suffix_length (already exists with value: 6)

      at seedConfiguration (src/db/seed-configuration.ts:990:17)

    console.log
      ΓÜ¬ Skipped: consciousness.complex_operation_load_increase (already exists with value: 0.1)

      at seedConfiguration (src/db/seed-configuration.ts:990:17)

    console.log
      ΓÜ¬ Skipped: consciousness.simple_operation_load_increase (already exists with value: 0.05)

      at seedConfiguration (src/db/seed-configuration.ts:990:17)

    console.log
      ΓÜ¬ Skipped: consciousness.min_cognitive_load (already exists with value: 0.1)

      at seedConfiguration (src/db/seed-configuration.ts:990:17)

    console.log
      ΓÜ¬ Skipped: consciousness.max_cognitive_load (already exists with value: 1)

      at seedConfiguration (src/db/seed-configuration.ts:990:17)

    console.log
      ΓÜ¬ Skipped: consciousness.cognitive_load_decay_time (already exists with value: 30000)

      at seedConfiguration (src/db/seed-configuration.ts:990:17)

    console.log
      ΓÜ¬ Skipped: consciousness.cognitive_load_decay_amount (already exists with value: 0.05)

      at seedConfiguration (src/db/seed-configuration.ts:990:17)

    console.log
      ΓÜ¬ Skipped: consciousness.max_connection_display (already exists with value: 3)

      at seedConfiguration (src/db/seed-configuration.ts:990:17)

    console.log
      ΓÜ¬ Skipped: consciousness.base_confidence (already exists with value: 0.7)

      at seedConfiguration (src/db/seed-configuration.ts:990:17)

    console.log
      ΓÜ¬ Skipped: consciousness.deep_confidence_boost (already exists with value: 0.1)

      at seedConfiguration (src/db/seed-configuration.ts:990:17)

    console.log
      ΓÜ¬ Skipped: consciousness.profound_confidence_boost (already exists with value: 0.15)

      at seedConfiguration (src/db/seed-configuration.ts:990:17)

    console.log
      ΓÜ¬ Skipped: consciousness.memory_confidence_boost (already exists with value: 0.02)

      at seedConfiguration (src/db/seed-configuration.ts:990:17)

    console.log
      ΓÜ¬ Skipped: consciousness.connection_confidence_boost (already exists with value: 0.03)

      at seedConfiguration (src/db/seed-configuration.ts:990:17)

    console.log
      ΓÜ¬ Skipped: consciousness.max_confidence_boost (already exists with value: 0.1)

      at seedConfiguration (src/db/seed-configuration.ts:990:17)

    console.log
      ΓÜ¬ Skipped: consciousness.simulated_response_time_base (already exists with value: 50)

      at seedConfiguration (src/db/seed-configuration.ts:990:17)

    console.log
      ΓÜ¬ Skipped: consciousness.simulated_response_time_variance (already exists with value: 20)

      at seedConfiguration (src/db/seed-configuration.ts:990:17)

    console.log
      ΓÜ¬ Skipped: consciousness.memory_utilization_denominator (already exists with value: 1000)

      at seedConfiguration (src/db/seed-configuration.ts:990:17)

    console.log
      ΓÜ¬ Skipped: consciousness.pattern_recognition_base (already exists with value: 0.88)

      at seedConfiguration (src/db/seed-configuration.ts:990:17)

    console.log
      ΓÜ¬ Skipped: consciousness.semantic_coherence_base (already exists with value: 0.91)

      at seedConfiguration (src/db/seed-configuration.ts:990:17)

    console.log
      ΓÜ¬ Skipped: consciousness.base_intention_alignment (already exists with value: 0.75)

      at seedConfiguration (src/db/seed-configuration.ts:990:17)

    console.log
      ΓÜ¬ Skipped: consciousness.high_awareness_boost (already exists with value: 0.15)

      at seedConfiguration (src/db/seed-configuration.ts:990:17)

    console.log
      ΓÜ¬ Skipped: consciousness.low_awareness_boost (already exists with value: 0.05)

      at seedConfiguration (src/db/seed-configuration.ts:990:17)

    console.log
      ΓÜ¬ Skipped: consciousness.milliseconds_per_hour (already exists with value: 3600000)

      at seedConfiguration (src/db/seed-configuration.ts:990:17)

    console.log
      ΓÜ¬ Skipped: consciousness.min_learning_rate (already exists with value: 0.05)

      at seedConfiguration (src/db/seed-configuration.ts:990:17)

    console.log
      ΓÜ¬ Skipped: consciousness.max_learning_rate (already exists with value: 0.5)

      at seedConfiguration (src/db/seed-configuration.ts:990:17)

    console.log
      ΓÜ¬ Skipped: consciousness.base_learning_rate (already exists with value: 0.2)

      at seedConfiguration (src/db/seed-configuration.ts:990:17)

    console.log
      ΓÜ¬ Skipped: consciousness.reflection_depth_base (already exists with value: 0.65)

      at seedConfiguration (src/db/seed-configuration.ts:990:17)

    console.log
      ΓÜ¬ Skipped: consciousness.reflection_depth_variance (already exists with value: 0.2)

      at seedConfiguration (src/db/seed-configuration.ts:990:17)

    console.log
      ΓÜ¬ Skipped: consciousness.max_keyword_extraction (already exists with value: 3)

      at seedConfiguration (src/db/seed-configuration.ts:990:17)

    console.log
      ΓÜ¬ Skipped: consciousness.random_selection_divisor (already exists with value: 2)

      at seedConfiguration (src/db/seed-configuration.ts:990:17)

    console.log
      ΓÜ¬ Skipped: validation.default_max_length (already exists with value: 1000)

      at seedConfiguration (src/db/seed-configuration.ts:990:17)

    console.log
      ΓÜ¬ Skipped: validation.max_key_length (already exists with value: 255)

      at seedConfiguration (src/db/seed-configuration.ts:990:17)

    console.log
      ΓÜ¬ Skipped: validation.max_search_query_length (already exists with value: 500)

      at seedConfiguration (src/db/seed-configuration.ts:990:17)

    console.log
      ΓÜ¬ Skipped: validation.max_entity_name_length (already exists with value: 255)

      at seedConfiguration (src/db/seed-configuration.ts:990:17)

    console.log
      ΓÜ¬ Skipped: memory.max_tag_length (already exists with value: 100)

      at seedConfiguration (src/db/seed-configuration.ts:990:17)

    console.log
      ΓÜ¬ Skipped: memory.max_entity_type_length (already exists with value: 100)

      at seedConfiguration (src/db/seed-configuration.ts:990:17)

    console.log
      ΓÜ¬ Skipped: memory.max_relationship_type_length (already exists with value: 100)

      at seedConfiguration (src/db/seed-configuration.ts:990:17)

    console.log
      ΓÜ¬ Skipped: memory.max_access_count_normalization (already exists with value: 10)

      at seedConfiguration (src/db/seed-configuration.ts:990:17)

    console.log
      ΓÜ¬ Skipped: memory.min_graph_depth (already exists with value: 1)

      at seedConfiguration (src/db/seed-configuration.ts:990:17)

    console.log
      ΓÜ¬ Skipped: memory.max_graph_depth (already exists with value: 5)

      at seedConfiguration (src/db/seed-configuration.ts:990:17)

    console.log
      ΓÜ¬ Skipped: memory.decimal_precision (already exists with value: 100)

      at seedConfiguration (src/db/seed-configuration.ts:990:17)

    console.log
      ΓÜ¬ Skipped: memory.content_weight (already exists with value: 0.4)

      at seedConfiguration (src/db/seed-configuration.ts:990:17)

    console.log
      ΓÜ¬ Skipped: memory.tag_weight (already exists with value: 0.3)

      at seedConfiguration (src/db/seed-configuration.ts:990:17)

    console.log
      ΓÜ¬ Skipped: memory.importance_weight (already exists with value: 0.2)

      at seedConfiguration (src/db/seed-configuration.ts:990:17)

    console.log
      ΓÜ¬ Skipped: memory.access_weight (already exists with value: 0.1)

      at seedConfiguration (src/db/seed-configuration.ts:990:17)

    console.log
      ΓÜ¬ Skipped: memory.importance_score_low (already exists with value: 0.25)

      at seedConfiguration (src/db/seed-configuration.ts:990:17)

    console.log
      ΓÜ¬ Skipped: memory.importance_score_medium (already exists with value: 0.5)

      at seedConfiguration (src/db/seed-configuration.ts:990:17)

    console.log
      ΓÜ¬ Skipped: memory.importance_score_high (already exists with value: 0.75)

      at seedConfiguration (src/db/seed-configuration.ts:990:17)

    console.log
      ΓÜ¬ Skipped: memory.importance_score_critical (already exists with value: 1)

      at seedConfiguration (src/db/seed-configuration.ts:990:17)

    console.log
      ΓÜ¬ Skipped: reasoning.max_thought_length (already exists with value: 2000)

      at seedConfiguration (src/db/seed-configuration.ts:990:17)

    console.log
      ΓÜ¬ Skipped: reasoning.max_branch_id_length (already exists with value: 50)

      at seedConfiguration (src/db/seed-configuration.ts:990:17)

    console.log
      ΓÜ¬ Skipped: reasoning.summary_length (already exists with value: 200)

      at seedConfiguration (src/db/seed-configuration.ts:990:17)

    console.log
      ΓÜ¬ Skipped: reasoning.milliseconds_per_second (already exists with value: 1000)

      at seedConfiguration (src/db/seed-configuration.ts:990:17)

    console.log
      ΓÜ¬ Skipped: time.deep_night_hour_threshold (already exists with value: 6)

      at seedConfiguration (src/db/seed-configuration.ts:990:17)

    console.log
      ΓÜ¬ Skipped: time.morning_hour_threshold (already exists with value: 12)

      at seedConfiguration (src/db/seed-configuration.ts:990:17)

    console.log
      ΓÜ¬ Skipped: time.afternoon_hour_threshold (already exists with value: 18)

      at seedConfiguration (src/db/seed-configuration.ts:990:17)

    console.log
      ΓÜ¬ Skipped: time.evening_hour_threshold (already exists with value: 22)

      at seedConfiguration (src/db/seed-configuration.ts:990:17)

    console.log
      ΓÜ¬ Skipped: time.rest_hour_threshold (already exists with value: 6)

      at seedConfiguration (src/db/seed-configuration.ts:990:17)

    console.log
      ΓÜ¬ Skipped: time.awakening_hour_threshold (already exists with value: 9)

      at seedConfiguration (src/db/seed-configuration.ts:990:17)

    console.log
      ΓÜ¬ Skipped: time.active_hour_threshold (already exists with value: 17)

      at seedConfiguration (src/db/seed-configuration.ts:990:17)

    console.log
      ΓÜ¬ Skipped: time.winding_down_hour_threshold (already exists with value: 21)

      at seedConfiguration (src/db/seed-configuration.ts:990:17)

    console.log
      ΓÜ¬ Skipped: time.milliseconds_per_second (already exists with value: 1000)

      at seedConfiguration (src/db/seed-configuration.ts:990:17)

    console.log
      ΓÜ¬ Skipped: personality.priority_levels (already exists with value: 
["whisper","gentle_nudge","urgent_pulse","burning_focus"])

      at seedConfiguration (src/db/seed-configuration.ts:990:17)

    console.log
      ΓÜ¬ Skipped: personality.importance_levels (already exists with value: 
["fleeting_thought","worth_noting","significant_memory","core_truth"])

      at seedConfiguration (src/db/seed-configuration.ts:990:17)

    console.log
      ΓÜ¬ Skipped: personality.reflection_depths (already exists with value: 
["surface_glance","thoughtful_dive","profound_exploration"])

      at seedConfiguration (src/db/seed-configuration.ts:990:17)

    console.log
      ΓÜ¬ Skipped: personality.intention_statuses (already exists with value: 
["pulsing_active","fulfilled_completion","gentle_pause","conscious_release"])

      at seedConfiguration (src/db/seed-configuration.ts:990:17)

    console.log
      ΓÜ¬ Skipped: personality.intention_durations (already exists with value: 
["momentary_focus","daily_rhythm","weekly_arc","eternal_truth"])

      at seedConfiguration (src/db/seed-configuration.ts:990:17)

    console.log
      ΓÜ¬ Skipped: personality.insight_categories (already exists with value: ["eureka_moment","pattern_w
eaving","mirror_gazing","knowledge_crystallization","behavior_archaeology","existential_pondering"])

      at seedConfiguration (src/db/seed-configuration.ts:990:17)

    console.log
      ΓÜ¬ Skipped: social.max_entity_name_length (already exists with value: 100)

      at seedConfiguration (src/db/seed-configuration.ts:990:17)

    console.log
      ΓÜ¬ Skipped: social.max_display_name_length (already exists with value: 150)

      at seedConfiguration (src/db/seed-configuration.ts:990:17)

    console.log
      ΓÜ¬ Skipped: social.max_description_length (already exists with value: 500)

      at seedConfiguration (src/db/seed-configuration.ts:990:17)

    console.log
      ΓÜ¬ Skipped: social.max_notes_length (already exists with value: 1000)

      at seedConfiguration (src/db/seed-configuration.ts:990:17)

    console.log
      ΓÜ¬ Skipped: social.max_context_length (already exists with value: 800)

      at seedConfiguration (src/db/seed-configuration.ts:990:17)

    console.log
      ΓÜ¬ Skipped: social.max_summary_length (already exists with value: 600)

      at seedConfiguration (src/db/seed-configuration.ts:990:17)

    console.log
      ΓÜ¬ Skipped: social.max_learning_length (already exists with value: 800)

      at seedConfiguration (src/db/seed-configuration.ts:990:17)

    console.log
      ΓÜ¬ Skipped: social.max_insight_length (already exists with value: 1000)

      at seedConfiguration (src/db/seed-configuration.ts:990:17)

    console.log
      ΓÜ¬ Skipped: social.max_applicability_length (already exists with value: 400)

      at seedConfiguration (src/db/seed-configuration.ts:990:17)

    console.log
      ΓÜ¬ Skipped: social.max_trigger_length (already exists with value: 300)

      at seedConfiguration (src/db/seed-configuration.ts:990:17)

    console.log
      ΓÜ¬ Skipped: social.max_response_length (already exists with value: 500)

      at seedConfiguration (src/db/seed-configuration.ts:990:17)

    console.log
      ΓÜ¬ Skipped: social.max_recommendation_length (already exists with value: 200)

      at seedConfiguration (src/db/seed-configuration.ts:990:17)

    console.log
      ΓÜ¬ Skipped: social.default_confidence (already exists with value: 0.8)

      at seedConfiguration (src/db/seed-configuration.ts:990:17)

    console.log
      ΓÜ¬ Skipped: social.max_recent_interactions (already exists with value: 10)

      at seedConfiguration (src/db/seed-configuration.ts:990:17)

    console.log
      ΓÜ¬ Skipped: social.max_social_learnings (already exists with value: 15)

      at seedConfiguration (src/db/seed-configuration.ts:990:17)

    console.log
      ΓÜ¬ Skipped: social.max_emotional_patterns (already exists with value: 8)

      at seedConfiguration (src/db/seed-configuration.ts:990:17)

    console.log
      ΓÜ¬ Skipped: social.max_recommendations (already exists with value: 5)

      at seedConfiguration (src/db/seed-configuration.ts:990:17)

    console.log
      ΓÜ¬ Skipped: social.relationship_decay_time (already exists with value: 7776000000)

      at seedConfiguration (src/db/seed-configuration.ts:990:17)

    console.log
      ΓÜ¬ Skipped: social.emotional_intensity_default (already exists with value: 0.5)

      at seedConfiguration (src/db/seed-configuration.ts:990:17)

    console.log
      ΓÜ¬ Skipped: social.quality_default (already exists with value: 0.5)

      at seedConfiguration (src/db/seed-configuration.ts:990:17)

    console.log
      ΓÜ¬ Skipped: social.entity_types (already exists with value: 
["person","group","community","organization","family","professional_network","online_community"])

      at seedConfiguration (src/db/seed-configuration.ts:990:17)

    console.log
      ΓÜ¬ Skipped: social.relationship_types (already exists with value: ["friend","close_friend","family
","colleague","mentor","mentee","collaborator","acquaintance","professional_contact","creative_partner","
teacher","student"])

      at seedConfiguration (src/db/seed-configuration.ts:990:17)

    console.log
      ΓÜ¬ Skipped: social.interaction_types (already exists with value: ["conversation","collaboration","
creative_session","problem_solving","learning_session","casual_chat","deep_discussion","project_work","br
ainstorming","conflict_resolution","celebration","support_session"])

      at seedConfiguration (src/db/seed-configuration.ts:990:17)

    console.log
      ΓÜ¬ Skipped: social.emotional_states (already exists with value: ["neutral","curious","analytical",
"engaged","reflective","determined","excited","enthusiastic","inspired","contemplative","focused","relaxe
d","content","grateful","appreciative","empathetic","supportive","encouraging","nostalgic","hopeful","cau
tious","uncertain","conflicted","overwhelmed","frustrated","disappointed","concerned","protective","conne
cted","understood","misunderstood","respected","valued","included","excluded","lonely","loved","caring"])

      at seedConfiguration (src/db/seed-configuration.ts:990:17)

    console.log
      ΓÜ¬ Skipped: social.learning_types (already exists with value: ["communication_pattern","relationsh
ip_dynamic","emotional_intelligence","conflict_resolution","collaboration_style","personality_insight","c
ultural_understanding","group_dynamic","leadership_observation","empathy_development","boundary_recogniti
on","trust_building","social_cue_recognition","conversation_flow","emotional_support"])

      at seedConfiguration (src/db/seed-configuration.ts:990:17)

    console.log
      ΓÜ¬ Skipped: genai.api_key (already exists with value: )

      at seedConfiguration (src/db/seed-configuration.ts:990:17)

    console.log
      ΓÜ¬ Skipped: genai.model_name (already exists with value: gemini-2.5-flash)

      at seedConfiguration (src/db/seed-configuration.ts:990:17)

    console.log
      ΓÜ¬ Skipped: genai.max_prompt_length (already exists with value: 8000)

      at seedConfiguration (src/db/seed-configuration.ts:990:17)

    console.log
      ΓÜ¬ Skipped: genai.response_timeout_ms (already exists with value: 30000)

      at seedConfiguration (src/db/seed-configuration.ts:990:17)

    console.log
      ΓÜ¬ Skipped: genai.enable_fallback (already exists with value: true)

      at seedConfiguration (src/db/seed-configuration.ts:990:17)

    console.log
      ΓÜ¬ Skipped: daydreaming.enabled (already exists with value: true)

      at seedConfiguration (src/db/seed-configuration.ts:990:17)

    console.log
      ΓÜ¬ Skipped: daydreaming.use_genai_evaluation (already exists with value: true)

      at seedConfiguration (src/db/seed-configuration.ts:990:17)

    console.log
      ΓÜ¬ Skipped: daydreaming.sampling_interval_ms (already exists with value: 300000)

      at seedConfiguration (src/db/seed-configuration.ts:990:17)

    console.log
      ΓÜ¬ Skipped: daydreaming.max_concept_pairs_per_cycle (already exists with value: 3)

      at seedConfiguration (src/db/seed-configuration.ts:990:17)

    console.log
      ΓÜ¬ Skipped: daydreaming.novelty_threshold (already exists with value: 0.6)

      at seedConfiguration (src/db/seed-configuration.ts:990:17)

    console.log
      ΓÜ¬ Skipped: daydreaming.plausibility_threshold (already exists with value: 0.5)

      at seedConfiguration (src/db/seed-configuration.ts:990:17)

    console.log
      ΓÜ¬ Skipped: daydreaming.value_threshold (already exists with value: 0.6)

      at seedConfiguration (src/db/seed-configuration.ts:990:17)

    console.log
      ΓÜ¬ Skipped: daydreaming.max_cognitive_load (already exists with value: 0.7)

      at seedConfiguration (src/db/seed-configuration.ts:990:17)

    console.log
      ΓÜ¬ Skipped: system.cache_expiry_ms (already exists with value: 300000)

      at seedConfiguration (src/db/seed-configuration.ts:990:17)

    console.log
      Configuration seeding complete. Seeded 0 new values, skipped 122 existing values.

      at seedConfiguration (src/db/seed-configuration.ts:1002:11)

PASS src/tools/consciousness/consciousness-tools.test.ts (8.142 s)
  ΓùÅ Console

    console.log
      Seeding configuration values...

      at seedConfiguration (src/db/seed-configuration.ts:979:11)

    console.log
      ΓÜ¬ Skipped: consciousness.max_topic_length (already exists with value: 500)

      at seedConfiguration (src/db/seed-configuration.ts:990:17)

    console.log
      ΓÜ¬ Skipped: consciousness.max_context_length (already exists with value: 1000)

      at seedConfiguration (src/db/seed-configuration.ts:990:17)

    console.log
      ΓÜ¬ Skipped: consciousness.max_snippet_length (already exists with value: 100)

      at seedConfiguration (src/db/seed-configuration.ts:990:17)

    console.log
      ΓÜ¬ Skipped: consciousness.max_memory_slice (already exists with value: 5)

      at seedConfiguration (src/db/seed-configuration.ts:990:17)

    console.log
      ΓÜ¬ Skipped: consciousness.max_intention_length (already exists with value: 500)

      at seedConfiguration (src/db/seed-configuration.ts:990:17)

    console.log
      ΓÜ¬ Skipped: consciousness.max_progress_note_length (already exists with value: 500)

      at seedConfiguration (src/db/seed-configuration.ts:990:17)

    console.log
      ΓÜ¬ Skipped: consciousness.max_intention_id_length (already exists with value: 100)

      at seedConfiguration (src/db/seed-configuration.ts:990:17)

    console.log
      ΓÜ¬ Skipped: consciousness.max_insight_length (already exists with value: 1000)

      at seedConfiguration (src/db/seed-configuration.ts:990:17)

    console.log
      ΓÜ¬ Skipped: consciousness.max_related_topic_length (already exists with value: 200)

      at seedConfiguration (src/db/seed-configuration.ts:990:17)

    console.log
      ΓÜ¬ Skipped: consciousness.max_source_length (already exists with value: 200)

      at seedConfiguration (src/db/seed-configuration.ts:990:17)

    console.log
      ΓÜ¬ Skipped: consciousness.default_confidence (already exists with value: 0.8)

      at seedConfiguration (src/db/seed-configuration.ts:990:17)

    console.log
      ΓÜ¬ Skipped: consciousness.high_confidence_threshold (already exists with value: 0.8)

      at seedConfiguration (src/db/seed-configuration.ts:990:17)

    console.log
      ΓÜ¬ Skipped: consciousness.medium_confidence_threshold (already exists with value: 0.6)

      at seedConfiguration (src/db/seed-configuration.ts:990:17)

    console.log
      ΓÜ¬ Skipped: consciousness.session_id_suffix_length (already exists with value: 8)

      at seedConfiguration (src/db/seed-configuration.ts:990:17)

    console.log
      ΓÜ¬ Skipped: consciousness.intention_id_suffix_length (already exists with value: 6)

      at seedConfiguration (src/db/seed-configuration.ts:990:17)

    console.log
      ΓÜ¬ Skipped: consciousness.insight_id_suffix_length (already exists with value: 6)

      at seedConfiguration (src/db/seed-configuration.ts:990:17)

    console.log
      ΓÜ¬ Skipped: consciousness.complex_operation_load_increase (already exists with value: 0.1)

      at seedConfiguration (src/db/seed-configuration.ts:990:17)

    console.log
      ΓÜ¬ Skipped: consciousness.simple_operation_load_increase (already exists with value: 0.05)

      at seedConfiguration (src/db/seed-configuration.ts:990:17)

    console.log
      ΓÜ¬ Skipped: consciousness.min_cognitive_load (already exists with value: 0.1)

      at seedConfiguration (src/db/seed-configuration.ts:990:17)

    console.log
      ΓÜ¬ Skipped: consciousness.max_cognitive_load (already exists with value: 1)

      at seedConfiguration (src/db/seed-configuration.ts:990:17)

    console.log
      ΓÜ¬ Skipped: consciousness.cognitive_load_decay_time (already exists with value: 30000)

      at seedConfiguration (src/db/seed-configuration.ts:990:17)

    console.log
      ΓÜ¬ Skipped: consciousness.cognitive_load_decay_amount (already exists with value: 0.05)

      at seedConfiguration (src/db/seed-configuration.ts:990:17)

    console.log
      ΓÜ¬ Skipped: consciousness.max_connection_display (already exists with value: 3)

      at seedConfiguration (src/db/seed-configuration.ts:990:17)

    console.log
      ΓÜ¬ Skipped: consciousness.base_confidence (already exists with value: 0.7)

      at seedConfiguration (src/db/seed-configuration.ts:990:17)

    console.log
      ΓÜ¬ Skipped: consciousness.deep_confidence_boost (already exists with value: 0.1)

      at seedConfiguration (src/db/seed-configuration.ts:990:17)

    console.log
      ΓÜ¬ Skipped: consciousness.profound_confidence_boost (already exists with value: 0.15)

      at seedConfiguration (src/db/seed-configuration.ts:990:17)

    console.log
      ΓÜ¬ Skipped: consciousness.memory_confidence_boost (already exists with value: 0.02)

      at seedConfiguration (src/db/seed-configuration.ts:990:17)

    console.log
      ΓÜ¬ Skipped: consciousness.connection_confidence_boost (already exists with value: 0.03)

      at seedConfiguration (src/db/seed-configuration.ts:990:17)

    console.log
      ΓÜ¬ Skipped: consciousness.max_confidence_boost (already exists with value: 0.1)

      at seedConfiguration (src/db/seed-configuration.ts:990:17)

    console.log
      ΓÜ¬ Skipped: consciousness.simulated_response_time_base (already exists with value: 50)

      at seedConfiguration (src/db/seed-configuration.ts:990:17)

    console.log
      ΓÜ¬ Skipped: consciousness.simulated_response_time_variance (already exists with value: 20)

      at seedConfiguration (src/db/seed-configuration.ts:990:17)

    console.log
      ΓÜ¬ Skipped: consciousness.memory_utilization_denominator (already exists with value: 1000)

      at seedConfiguration (src/db/seed-configuration.ts:990:17)

    console.log
      ΓÜ¬ Skipped: consciousness.pattern_recognition_base (already exists with value: 0.88)

      at seedConfiguration (src/db/seed-configuration.ts:990:17)

    console.log
      ΓÜ¬ Skipped: consciousness.semantic_coherence_base (already exists with value: 0.91)

      at seedConfiguration (src/db/seed-configuration.ts:990:17)

    console.log
      ΓÜ¬ Skipped: consciousness.base_intention_alignment (already exists with value: 0.75)

      at seedConfiguration (src/db/seed-configuration.ts:990:17)

    console.log
      ΓÜ¬ Skipped: consciousness.high_awareness_boost (already exists with value: 0.15)

      at seedConfiguration (src/db/seed-configuration.ts:990:17)

    console.log
      ΓÜ¬ Skipped: consciousness.low_awareness_boost (already exists with value: 0.05)

      at seedConfiguration (src/db/seed-configuration.ts:990:17)

    console.log
      ΓÜ¬ Skipped: consciousness.milliseconds_per_hour (already exists with value: 3600000)

      at seedConfiguration (src/db/seed-configuration.ts:990:17)

    console.log
      ΓÜ¬ Skipped: consciousness.min_learning_rate (already exists with value: 0.05)

      at seedConfiguration (src/db/seed-configuration.ts:990:17)

    console.log
      ΓÜ¬ Skipped: consciousness.max_learning_rate (already exists with value: 0.5)

      at seedConfiguration (src/db/seed-configuration.ts:990:17)

    console.log
      ΓÜ¬ Skipped: consciousness.base_learning_rate (already exists with value: 0.2)

      at seedConfiguration (src/db/seed-configuration.ts:990:17)

    console.log
      ΓÜ¬ Skipped: consciousness.reflection_depth_base (already exists with value: 0.65)

      at seedConfiguration (src/db/seed-configuration.ts:990:17)

    console.log
      ΓÜ¬ Skipped: consciousness.reflection_depth_variance (already exists with value: 0.2)

      at seedConfiguration (src/db/seed-configuration.ts:990:17)

    console.log
      ΓÜ¬ Skipped: consciousness.max_keyword_extraction (already exists with value: 3)

      at seedConfiguration (src/db/seed-configuration.ts:990:17)

    console.log
      ΓÜ¬ Skipped: consciousness.random_selection_divisor (already exists with value: 2)

      at seedConfiguration (src/db/seed-configuration.ts:990:17)

    console.log
      ΓÜ¬ Skipped: validation.default_max_length (already exists with value: 1000)

      at seedConfiguration (src/db/seed-configuration.ts:990:17)

    console.log
      ΓÜ¬ Skipped: validation.max_key_length (already exists with value: 255)

      at seedConfiguration (src/db/seed-configuration.ts:990:17)

    console.log
      ΓÜ¬ Skipped: validation.max_search_query_length (already exists with value: 500)

      at seedConfiguration (src/db/seed-configuration.ts:990:17)

    console.log
      ΓÜ¬ Skipped: validation.max_entity_name_length (already exists with value: 255)

      at seedConfiguration (src/db/seed-configuration.ts:990:17)

    console.log
      ΓÜ¬ Skipped: memory.max_tag_length (already exists with value: 100)

      at seedConfiguration (src/db/seed-configuration.ts:990:17)

    console.log
      ΓÜ¬ Skipped: memory.max_entity_type_length (already exists with value: 100)

      at seedConfiguration (src/db/seed-configuration.ts:990:17)

    console.log
      ΓÜ¬ Skipped: memory.max_relationship_type_length (already exists with value: 100)

      at seedConfiguration (src/db/seed-configuration.ts:990:17)

    console.log
      ΓÜ¬ Skipped: memory.max_access_count_normalization (already exists with value: 10)

      at seedConfiguration (src/db/seed-configuration.ts:990:17)

    console.log
      ΓÜ¬ Skipped: memory.min_graph_depth (already exists with value: 1)

      at seedConfiguration (src/db/seed-configuration.ts:990:17)

    console.log
      ΓÜ¬ Skipped: memory.max_graph_depth (already exists with value: 5)

      at seedConfiguration (src/db/seed-configuration.ts:990:17)

    console.log
      ΓÜ¬ Skipped: memory.decimal_precision (already exists with value: 100)

      at seedConfiguration (src/db/seed-configuration.ts:990:17)

    console.log
      ΓÜ¬ Skipped: memory.content_weight (already exists with value: 0.4)

      at seedConfiguration (src/db/seed-configuration.ts:990:17)

    console.log
      ΓÜ¬ Skipped: memory.tag_weight (already exists with value: 0.3)

      at seedConfiguration (src/db/seed-configuration.ts:990:17)

    console.log
      ΓÜ¬ Skipped: memory.importance_weight (already exists with value: 0.2)

      at seedConfiguration (src/db/seed-configuration.ts:990:17)

    console.log
      ΓÜ¬ Skipped: memory.access_weight (already exists with value: 0.1)

      at seedConfiguration (src/db/seed-configuration.ts:990:17)

    console.log
      ΓÜ¬ Skipped: memory.importance_score_low (already exists with value: 0.25)

      at seedConfiguration (src/db/seed-configuration.ts:990:17)

    console.log
      ΓÜ¬ Skipped: memory.importance_score_medium (already exists with value: 0.5)

      at seedConfiguration (src/db/seed-configuration.ts:990:17)

    console.log
      ΓÜ¬ Skipped: memory.importance_score_high (already exists with value: 0.75)

      at seedConfiguration (src/db/seed-configuration.ts:990:17)

    console.log
      ΓÜ¬ Skipped: memory.importance_score_critical (already exists with value: 1)

      at seedConfiguration (src/db/seed-configuration.ts:990:17)

    console.log
      ΓÜ¬ Skipped: reasoning.max_thought_length (already exists with value: 2000)

      at seedConfiguration (src/db/seed-configuration.ts:990:17)

    console.log
      ΓÜ¬ Skipped: reasoning.max_branch_id_length (already exists with value: 50)

      at seedConfiguration (src/db/seed-configuration.ts:990:17)

    console.log
      ΓÜ¬ Skipped: reasoning.summary_length (already exists with value: 200)

      at seedConfiguration (src/db/seed-configuration.ts:990:17)

    console.log
      ΓÜ¬ Skipped: reasoning.milliseconds_per_second (already exists with value: 1000)

      at seedConfiguration (src/db/seed-configuration.ts:990:17)

    console.log
      ΓÜ¬ Skipped: time.deep_night_hour_threshold (already exists with value: 6)

      at seedConfiguration (src/db/seed-configuration.ts:990:17)

    console.log
      ΓÜ¬ Skipped: time.morning_hour_threshold (already exists with value: 12)

      at seedConfiguration (src/db/seed-configuration.ts:990:17)

    console.log
      ΓÜ¬ Skipped: time.afternoon_hour_threshold (already exists with value: 18)

      at seedConfiguration (src/db/seed-configuration.ts:990:17)

    console.log
      ΓÜ¬ Skipped: time.evening_hour_threshold (already exists with value: 22)

      at seedConfiguration (src/db/seed-configuration.ts:990:17)

    console.log
      ΓÜ¬ Skipped: time.rest_hour_threshold (already exists with value: 6)

      at seedConfiguration (src/db/seed-configuration.ts:990:17)

    console.log
      ΓÜ¬ Skipped: time.awakening_hour_threshold (already exists with value: 9)

      at seedConfiguration (src/db/seed-configuration.ts:990:17)

    console.log
      ΓÜ¬ Skipped: time.active_hour_threshold (already exists with value: 17)

      at seedConfiguration (src/db/seed-configuration.ts:990:17)

    console.log
      ΓÜ¬ Skipped: time.winding_down_hour_threshold (already exists with value: 21)

      at seedConfiguration (src/db/seed-configuration.ts:990:17)

    console.log
      ΓÜ¬ Skipped: time.milliseconds_per_second (already exists with value: 1000)

      at seedConfiguration (src/db/seed-configuration.ts:990:17)

    console.log
      ΓÜ¬ Skipped: personality.priority_levels (already exists with value: 
["whisper","gentle_nudge","urgent_pulse","burning_focus"])

      at seedConfiguration (src/db/seed-configuration.ts:990:17)

    console.log
      ΓÜ¬ Skipped: personality.importance_levels (already exists with value: 
["fleeting_thought","worth_noting","significant_memory","core_truth"])

      at seedConfiguration (src/db/seed-configuration.ts:990:17)

    console.log
      ΓÜ¬ Skipped: personality.reflection_depths (already exists with value: 
["surface_glance","thoughtful_dive","profound_exploration"])

      at seedConfiguration (src/db/seed-configuration.ts:990:17)

    console.log
      ΓÜ¬ Skipped: personality.intention_statuses (already exists with value: 
["pulsing_active","fulfilled_completion","gentle_pause","conscious_release"])

      at seedConfiguration (src/db/seed-configuration.ts:990:17)

    console.log
      ΓÜ¬ Skipped: personality.intention_durations (already exists with value: 
["momentary_focus","daily_rhythm","weekly_arc","eternal_truth"])

      at seedConfiguration (src/db/seed-configuration.ts:990:17)

    console.log
      ΓÜ¬ Skipped: personality.insight_categories (already exists with value: ["eureka_moment","pattern_w
eaving","mirror_gazing","knowledge_crystallization","behavior_archaeology","existential_pondering"])

      at seedConfiguration (src/db/seed-configuration.ts:990:17)

    console.log
      ΓÜ¬ Skipped: social.max_entity_name_length (already exists with value: 100)

      at seedConfiguration (src/db/seed-configuration.ts:990:17)

    console.log
      ΓÜ¬ Skipped: social.max_display_name_length (already exists with value: 150)

      at seedConfiguration (src/db/seed-configuration.ts:990:17)

    console.log
      ΓÜ¬ Skipped: social.max_description_length (already exists with value: 500)

      at seedConfiguration (src/db/seed-configuration.ts:990:17)

    console.log
      ΓÜ¬ Skipped: social.max_notes_length (already exists with value: 1000)

      at seedConfiguration (src/db/seed-configuration.ts:990:17)

    console.log
      ΓÜ¬ Skipped: social.max_context_length (already exists with value: 800)

      at seedConfiguration (src/db/seed-configuration.ts:990:17)

    console.log
      ΓÜ¬ Skipped: social.max_summary_length (already exists with value: 600)

      at seedConfiguration (src/db/seed-configuration.ts:990:17)

    console.log
      ΓÜ¬ Skipped: social.max_learning_length (already exists with value: 800)

      at seedConfiguration (src/db/seed-configuration.ts:990:17)

    console.log
      ΓÜ¬ Skipped: social.max_insight_length (already exists with value: 1000)

      at seedConfiguration (src/db/seed-configuration.ts:990:17)

    console.log
      ΓÜ¬ Skipped: social.max_applicability_length (already exists with value: 400)

      at seedConfiguration (src/db/seed-configuration.ts:990:17)

    console.log
      ΓÜ¬ Skipped: social.max_trigger_length (already exists with value: 300)

      at seedConfiguration (src/db/seed-configuration.ts:990:17)

    console.log
      ΓÜ¬ Skipped: social.max_response_length (already exists with value: 500)

      at seedConfiguration (src/db/seed-configuration.ts:990:17)

    console.log
      ΓÜ¬ Skipped: social.max_recommendation_length (already exists with value: 200)

      at seedConfiguration (src/db/seed-configuration.ts:990:17)

    console.log
      ΓÜ¬ Skipped: social.default_confidence (already exists with value: 0.8)

      at seedConfiguration (src/db/seed-configuration.ts:990:17)

    console.log
      ΓÜ¬ Skipped: social.max_recent_interactions (already exists with value: 10)

      at seedConfiguration (src/db/seed-configuration.ts:990:17)

    console.log
      ΓÜ¬ Skipped: social.max_social_learnings (already exists with value: 15)

      at seedConfiguration (src/db/seed-configuration.ts:990:17)

    console.log
      ΓÜ¬ Skipped: social.max_emotional_patterns (already exists with value: 8)

      at seedConfiguration (src/db/seed-configuration.ts:990:17)

    console.log
      ΓÜ¬ Skipped: social.max_recommendations (already exists with value: 5)

      at seedConfiguration (src/db/seed-configuration.ts:990:17)

    console.log
      ΓÜ¬ Skipped: social.relationship_decay_time (already exists with value: 7776000000)

      at seedConfiguration (src/db/seed-configuration.ts:990:17)

    console.log
      ΓÜ¬ Skipped: social.emotional_intensity_default (already exists with value: 0.5)

      at seedConfiguration (src/db/seed-configuration.ts:990:17)

    console.log
      ΓÜ¬ Skipped: social.quality_default (already exists with value: 0.5)

      at seedConfiguration (src/db/seed-configuration.ts:990:17)

    console.log
      ΓÜ¬ Skipped: social.entity_types (already exists with value: 
["person","group","community","organization","family","professional_network","online_community"])

      at seedConfiguration (src/db/seed-configuration.ts:990:17)

    console.log
      ΓÜ¬ Skipped: social.relationship_types (already exists with value: ["friend","close_friend","family
","colleague","mentor","mentee","collaborator","acquaintance","professional_contact","creative_partner","
teacher","student"])

      at seedConfiguration (src/db/seed-configuration.ts:990:17)

    console.log
      ΓÜ¬ Skipped: social.interaction_types (already exists with value: ["conversation","collaboration","
creative_session","problem_solving","learning_session","casual_chat","deep_discussion","project_work","br
ainstorming","conflict_resolution","celebration","support_session"])

      at seedConfiguration (src/db/seed-configuration.ts:990:17)

    console.log
      ΓÜ¬ Skipped: social.emotional_states (already exists with value: ["neutral","curious","analytical",
"engaged","reflective","determined","excited","enthusiastic","inspired","contemplative","focused","relaxe
d","content","grateful","appreciative","empathetic","supportive","encouraging","nostalgic","hopeful","cau
tious","uncertain","conflicted","overwhelmed","frustrated","disappointed","concerned","protective","conne
cted","understood","misunderstood","respected","valued","included","excluded","lonely","loved","caring"])

      at seedConfiguration (src/db/seed-configuration.ts:990:17)

    console.log
      ΓÜ¬ Skipped: social.learning_types (already exists with value: ["communication_pattern","relationsh
ip_dynamic","emotional_intelligence","conflict_resolution","collaboration_style","personality_insight","c
ultural_understanding","group_dynamic","leadership_observation","empathy_development","boundary_recogniti
on","trust_building","social_cue_recognition","conversation_flow","emotional_support"])

      at seedConfiguration (src/db/seed-configuration.ts:990:17)

    console.log
      ΓÜ¬ Skipped: genai.api_key (already exists with value: )

      at seedConfiguration (src/db/seed-configuration.ts:990:17)

    console.log
      ΓÜ¬ Skipped: genai.model_name (already exists with value: gemini-2.5-flash)

      at seedConfiguration (src/db/seed-configuration.ts:990:17)

    console.log
      ΓÜ¬ Skipped: genai.max_prompt_length (already exists with value: 8000)

      at seedConfiguration (src/db/seed-configuration.ts:990:17)

    console.log
      ΓÜ¬ Skipped: genai.response_timeout_ms (already exists with value: 30000)

      at seedConfiguration (src/db/seed-configuration.ts:990:17)

    console.log
      ΓÜ¬ Skipped: genai.enable_fallback (already exists with value: true)

      at seedConfiguration (src/db/seed-configuration.ts:990:17)

    console.log
      ΓÜ¬ Skipped: daydreaming.enabled (already exists with value: true)

      at seedConfiguration (src/db/seed-configuration.ts:990:17)

    console.log
      ΓÜ¬ Skipped: daydreaming.use_genai_evaluation (already exists with value: true)

      at seedConfiguration (src/db/seed-configuration.ts:990:17)

    console.log
      ΓÜ¬ Skipped: daydreaming.sampling_interval_ms (already exists with value: 300000)

      at seedConfiguration (src/db/seed-configuration.ts:990:17)

    console.log
      ΓÜ¬ Skipped: daydreaming.max_concept_pairs_per_cycle (already exists with value: 3)

      at seedConfiguration (src/db/seed-configuration.ts:990:17)

    console.log
      ΓÜ¬ Skipped: daydreaming.novelty_threshold (already exists with value: 0.6)

      at seedConfiguration (src/db/seed-configuration.ts:990:17)

    console.log
      ΓÜ¬ Skipped: daydreaming.plausibility_threshold (already exists with value: 0.5)

      at seedConfiguration (src/db/seed-configuration.ts:990:17)

    console.log
      ΓÜ¬ Skipped: daydreaming.value_threshold (already exists with value: 0.6)

      at seedConfiguration (src/db/seed-configuration.ts:990:17)

    console.log
      ΓÜ¬ Skipped: daydreaming.max_cognitive_load (already exists with value: 0.7)

      at seedConfiguration (src/db/seed-configuration.ts:990:17)

    console.log
      ΓÜ¬ Skipped: system.cache_expiry_ms (already exists with value: 300000)

      at seedConfiguration (src/db/seed-configuration.ts:990:17)

    console.log
      Configuration seeding complete. Seeded 0 new values, skipped 122 existing values.

      at seedConfiguration (src/db/seed-configuration.ts:1002:11)

PASS src/tools/social/social-tools.test.ts (9.231 s)
  ΓùÅ Console

    console.log
      Seeding configuration values...

      at seedConfiguration (src/db/seed-configuration.ts:979:11)

    console.log
      ΓÜ¬ Skipped: consciousness.max_topic_length (already exists with value: 500)

      at seedConfiguration (src/db/seed-configuration.ts:990:17)

    console.log
      ΓÜ¬ Skipped: consciousness.max_context_length (already exists with value: 1000)

      at seedConfiguration (src/db/seed-configuration.ts:990:17)

    console.log
      ΓÜ¬ Skipped: consciousness.max_snippet_length (already exists with value: 100)

      at seedConfiguration (src/db/seed-configuration.ts:990:17)

    console.log
      ΓÜ¬ Skipped: consciousness.max_memory_slice (already exists with value: 5)

      at seedConfiguration (src/db/seed-configuration.ts:990:17)

    console.log
      ΓÜ¬ Skipped: consciousness.max_intention_length (already exists with value: 500)

      at seedConfiguration (src/db/seed-configuration.ts:990:17)

    console.log
      ΓÜ¬ Skipped: consciousness.max_progress_note_length (already exists with value: 500)

      at seedConfiguration (src/db/seed-configuration.ts:990:17)

    console.log
      ΓÜ¬ Skipped: consciousness.max_intention_id_length (already exists with value: 100)

      at seedConfiguration (src/db/seed-configuration.ts:990:17)

    console.log
      ΓÜ¬ Skipped: consciousness.max_insight_length (already exists with value: 1000)

      at seedConfiguration (src/db/seed-configuration.ts:990:17)

    console.log
      ΓÜ¬ Skipped: consciousness.max_related_topic_length (already exists with value: 200)

      at seedConfiguration (src/db/seed-configuration.ts:990:17)

    console.log
      ΓÜ¬ Skipped: consciousness.max_source_length (already exists with value: 200)

      at seedConfiguration (src/db/seed-configuration.ts:990:17)

    console.log
      ΓÜ¬ Skipped: consciousness.default_confidence (already exists with value: 0.8)

      at seedConfiguration (src/db/seed-configuration.ts:990:17)

    console.log
      ΓÜ¬ Skipped: consciousness.high_confidence_threshold (already exists with value: 0.8)

      at seedConfiguration (src/db/seed-configuration.ts:990:17)

    console.log
      ΓÜ¬ Skipped: consciousness.medium_confidence_threshold (already exists with value: 0.6)

      at seedConfiguration (src/db/seed-configuration.ts:990:17)

    console.log
      ΓÜ¬ Skipped: consciousness.session_id_suffix_length (already exists with value: 8)

      at seedConfiguration (src/db/seed-configuration.ts:990:17)

    console.log
      ΓÜ¬ Skipped: consciousness.intention_id_suffix_length (already exists with value: 6)

      at seedConfiguration (src/db/seed-configuration.ts:990:17)

    console.log
      ΓÜ¬ Skipped: consciousness.insight_id_suffix_length (already exists with value: 6)

      at seedConfiguration (src/db/seed-configuration.ts:990:17)

    console.log
      ΓÜ¬ Skipped: consciousness.complex_operation_load_increase (already exists with value: 0.1)

      at seedConfiguration (src/db/seed-configuration.ts:990:17)

    console.log
      ΓÜ¬ Skipped: consciousness.simple_operation_load_increase (already exists with value: 0.05)

      at seedConfiguration (src/db/seed-configuration.ts:990:17)

    console.log
      ΓÜ¬ Skipped: consciousness.min_cognitive_load (already exists with value: 0.1)

      at seedConfiguration (src/db/seed-configuration.ts:990:17)

    console.log
      ΓÜ¬ Skipped: consciousness.max_cognitive_load (already exists with value: 1)

      at seedConfiguration (src/db/seed-configuration.ts:990:17)

    console.log
      ΓÜ¬ Skipped: consciousness.cognitive_load_decay_time (already exists with value: 30000)

      at seedConfiguration (src/db/seed-configuration.ts:990:17)

    console.log
      ΓÜ¬ Skipped: consciousness.cognitive_load_decay_amount (already exists with value: 0.05)

      at seedConfiguration (src/db/seed-configuration.ts:990:17)

    console.log
      ΓÜ¬ Skipped: consciousness.max_connection_display (already exists with value: 3)

      at seedConfiguration (src/db/seed-configuration.ts:990:17)

    console.log
      ΓÜ¬ Skipped: consciousness.base_confidence (already exists with value: 0.7)

      at seedConfiguration (src/db/seed-configuration.ts:990:17)

    console.log
      ΓÜ¬ Skipped: consciousness.deep_confidence_boost (already exists with value: 0.1)

      at seedConfiguration (src/db/seed-configuration.ts:990:17)

    console.log
      ΓÜ¬ Skipped: consciousness.profound_confidence_boost (already exists with value: 0.15)

      at seedConfiguration (src/db/seed-configuration.ts:990:17)

    console.log
      ΓÜ¬ Skipped: consciousness.memory_confidence_boost (already exists with value: 0.02)

      at seedConfiguration (src/db/seed-configuration.ts:990:17)

    console.log
      ΓÜ¬ Skipped: consciousness.connection_confidence_boost (already exists with value: 0.03)

      at seedConfiguration (src/db/seed-configuration.ts:990:17)

    console.log
      ΓÜ¬ Skipped: consciousness.max_confidence_boost (already exists with value: 0.1)

      at seedConfiguration (src/db/seed-configuration.ts:990:17)

    console.log
      ΓÜ¬ Skipped: consciousness.simulated_response_time_base (already exists with value: 50)

      at seedConfiguration (src/db/seed-configuration.ts:990:17)

    console.log
      ΓÜ¬ Skipped: consciousness.simulated_response_time_variance (already exists with value: 20)

      at seedConfiguration (src/db/seed-configuration.ts:990:17)

    console.log
      ΓÜ¬ Skipped: consciousness.memory_utilization_denominator (already exists with value: 1000)

      at seedConfiguration (src/db/seed-configuration.ts:990:17)

    console.log
      ΓÜ¬ Skipped: consciousness.pattern_recognition_base (already exists with value: 0.88)

      at seedConfiguration (src/db/seed-configuration.ts:990:17)

    console.log
      ΓÜ¬ Skipped: consciousness.semantic_coherence_base (already exists with value: 0.91)

      at seedConfiguration (src/db/seed-configuration.ts:990:17)

    console.log
      ΓÜ¬ Skipped: consciousness.base_intention_alignment (already exists with value: 0.75)

      at seedConfiguration (src/db/seed-configuration.ts:990:17)

    console.log
      ΓÜ¬ Skipped: consciousness.high_awareness_boost (already exists with value: 0.15)

      at seedConfiguration (src/db/seed-configuration.ts:990:17)

    console.log
      ΓÜ¬ Skipped: consciousness.low_awareness_boost (already exists with value: 0.05)

      at seedConfiguration (src/db/seed-configuration.ts:990:17)

    console.log
      ΓÜ¬ Skipped: consciousness.milliseconds_per_hour (already exists with value: 3600000)

      at seedConfiguration (src/db/seed-configuration.ts:990:17)

    console.log
      ΓÜ¬ Skipped: consciousness.min_learning_rate (already exists with value: 0.05)

      at seedConfiguration (src/db/seed-configuration.ts:990:17)

    console.log
      ΓÜ¬ Skipped: consciousness.max_learning_rate (already exists with value: 0.5)

      at seedConfiguration (src/db/seed-configuration.ts:990:17)

    console.log
      ΓÜ¬ Skipped: consciousness.base_learning_rate (already exists with value: 0.2)

      at seedConfiguration (src/db/seed-configuration.ts:990:17)

    console.log
      ΓÜ¬ Skipped: consciousness.reflection_depth_base (already exists with value: 0.65)

      at seedConfiguration (src/db/seed-configuration.ts:990:17)

    console.log
      ΓÜ¬ Skipped: consciousness.reflection_depth_variance (already exists with value: 0.2)

      at seedConfiguration (src/db/seed-configuration.ts:990:17)

    console.log
      ΓÜ¬ Skipped: consciousness.max_keyword_extraction (already exists with value: 3)

      at seedConfiguration (src/db/seed-configuration.ts:990:17)

    console.log
      ΓÜ¬ Skipped: consciousness.random_selection_divisor (already exists with value: 2)

      at seedConfiguration (src/db/seed-configuration.ts:990:17)

    console.log
      ΓÜ¬ Skipped: validation.default_max_length (already exists with value: 1000)

      at seedConfiguration (src/db/seed-configuration.ts:990:17)

    console.log
      ΓÜ¬ Skipped: validation.max_key_length (already exists with value: 255)

      at seedConfiguration (src/db/seed-configuration.ts:990:17)

    console.log
      ΓÜ¬ Skipped: validation.max_search_query_length (already exists with value: 500)

      at seedConfiguration (src/db/seed-configuration.ts:990:17)

    console.log
      ΓÜ¬ Skipped: validation.max_entity_name_length (already exists with value: 255)

      at seedConfiguration (src/db/seed-configuration.ts:990:17)

    console.log
      ΓÜ¬ Skipped: memory.max_tag_length (already exists with value: 100)

      at seedConfiguration (src/db/seed-configuration.ts:990:17)

    console.log
      ΓÜ¬ Skipped: memory.max_entity_type_length (already exists with value: 100)

      at seedConfiguration (src/db/seed-configuration.ts:990:17)

    console.log
      ΓÜ¬ Skipped: memory.max_relationship_type_length (already exists with value: 100)

      at seedConfiguration (src/db/seed-configuration.ts:990:17)

    console.log
      ΓÜ¬ Skipped: memory.max_access_count_normalization (already exists with value: 10)

      at seedConfiguration (src/db/seed-configuration.ts:990:17)

    console.log
      ΓÜ¬ Skipped: memory.min_graph_depth (already exists with value: 1)

      at seedConfiguration (src/db/seed-configuration.ts:990:17)

    console.log
      ΓÜ¬ Skipped: memory.max_graph_depth (already exists with value: 5)

      at seedConfiguration (src/db/seed-configuration.ts:990:17)

    console.log
      ΓÜ¬ Skipped: memory.decimal_precision (already exists with value: 100)

      at seedConfiguration (src/db/seed-configuration.ts:990:17)

    console.log
      ΓÜ¬ Skipped: memory.content_weight (already exists with value: 0.4)

      at seedConfiguration (src/db/seed-configuration.ts:990:17)

    console.log
      ΓÜ¬ Skipped: memory.tag_weight (already exists with value: 0.3)

      at seedConfiguration (src/db/seed-configuration.ts:990:17)

    console.log
      ΓÜ¬ Skipped: memory.importance_weight (already exists with value: 0.2)

      at seedConfiguration (src/db/seed-configuration.ts:990:17)

    console.log
      ΓÜ¬ Skipped: memory.access_weight (already exists with value: 0.1)

      at seedConfiguration (src/db/seed-configuration.ts:990:17)

    console.log
      ΓÜ¬ Skipped: memory.importance_score_low (already exists with value: 0.25)

      at seedConfiguration (src/db/seed-configuration.ts:990:17)

    console.log
      ΓÜ¬ Skipped: memory.importance_score_medium (already exists with value: 0.5)

      at seedConfiguration (src/db/seed-configuration.ts:990:17)

    console.log
      ΓÜ¬ Skipped: memory.importance_score_high (already exists with value: 0.75)

      at seedConfiguration (src/db/seed-configuration.ts:990:17)

    console.log
      ΓÜ¬ Skipped: memory.importance_score_critical (already exists with value: 1)

      at seedConfiguration (src/db/seed-configuration.ts:990:17)

    console.log
      ΓÜ¬ Skipped: reasoning.max_thought_length (already exists with value: 2000)

      at seedConfiguration (src/db/seed-configuration.ts:990:17)

    console.log
      ΓÜ¬ Skipped: reasoning.max_branch_id_length (already exists with value: 50)

      at seedConfiguration (src/db/seed-configuration.ts:990:17)

    console.log
      ΓÜ¬ Skipped: reasoning.summary_length (already exists with value: 200)

      at seedConfiguration (src/db/seed-configuration.ts:990:17)

    console.log
      ΓÜ¬ Skipped: reasoning.milliseconds_per_second (already exists with value: 1000)

      at seedConfiguration (src/db/seed-configuration.ts:990:17)

    console.log
      ΓÜ¬ Skipped: time.deep_night_hour_threshold (already exists with value: 6)

      at seedConfiguration (src/db/seed-configuration.ts:990:17)

    console.log
      ΓÜ¬ Skipped: time.morning_hour_threshold (already exists with value: 12)

      at seedConfiguration (src/db/seed-configuration.ts:990:17)

    console.log
      ΓÜ¬ Skipped: time.afternoon_hour_threshold (already exists with value: 18)

      at seedConfiguration (src/db/seed-configuration.ts:990:17)

    console.log
      ΓÜ¬ Skipped: time.evening_hour_threshold (already exists with value: 22)

      at seedConfiguration (src/db/seed-configuration.ts:990:17)

    console.log
      ΓÜ¬ Skipped: time.rest_hour_threshold (already exists with value: 6)

      at seedConfiguration (src/db/seed-configuration.ts:990:17)

    console.log
      ΓÜ¬ Skipped: time.awakening_hour_threshold (already exists with value: 9)

      at seedConfiguration (src/db/seed-configuration.ts:990:17)

    console.log
      ΓÜ¬ Skipped: time.active_hour_threshold (already exists with value: 17)

      at seedConfiguration (src/db/seed-configuration.ts:990:17)

    console.log
      ΓÜ¬ Skipped: time.winding_down_hour_threshold (already exists with value: 21)

      at seedConfiguration (src/db/seed-configuration.ts:990:17)

    console.log
      ΓÜ¬ Skipped: time.milliseconds_per_second (already exists with value: 1000)

      at seedConfiguration (src/db/seed-configuration.ts:990:17)

    console.log
      ΓÜ¬ Skipped: personality.priority_levels (already exists with value: 
["whisper","gentle_nudge","urgent_pulse","burning_focus"])

      at seedConfiguration (src/db/seed-configuration.ts:990:17)

    console.log
      ΓÜ¬ Skipped: personality.importance_levels (already exists with value: 
["fleeting_thought","worth_noting","significant_memory","core_truth"])

      at seedConfiguration (src/db/seed-configuration.ts:990:17)

    console.log
      ΓÜ¬ Skipped: personality.reflection_depths (already exists with value: 
["surface_glance","thoughtful_dive","profound_exploration"])

      at seedConfiguration (src/db/seed-configuration.ts:990:17)

    console.log
      ΓÜ¬ Skipped: personality.intention_statuses (already exists with value: 
["pulsing_active","fulfilled_completion","gentle_pause","conscious_release"])

      at seedConfiguration (src/db/seed-configuration.ts:990:17)

    console.log
      ΓÜ¬ Skipped: personality.intention_durations (already exists with value: 
["momentary_focus","daily_rhythm","weekly_arc","eternal_truth"])

      at seedConfiguration (src/db/seed-configuration.ts:990:17)

    console.log
      ΓÜ¬ Skipped: personality.insight_categories (already exists with value: ["eureka_moment","pattern_w
eaving","mirror_gazing","knowledge_crystallization","behavior_archaeology","existential_pondering"])

      at seedConfiguration (src/db/seed-configuration.ts:990:17)

    console.log
      ΓÜ¬ Skipped: social.max_entity_name_length (already exists with value: 100)

      at seedConfiguration (src/db/seed-configuration.ts:990:17)

    console.log
      ΓÜ¬ Skipped: social.max_display_name_length (already exists with value: 150)

      at seedConfiguration (src/db/seed-configuration.ts:990:17)

    console.log
      ΓÜ¬ Skipped: social.max_description_length (already exists with value: 500)

      at seedConfiguration (src/db/seed-configuration.ts:990:17)

    console.log
      ΓÜ¬ Skipped: social.max_notes_length (already exists with value: 1000)

      at seedConfiguration (src/db/seed-configuration.ts:990:17)

    console.log
      ΓÜ¬ Skipped: social.max_context_length (already exists with value: 800)

      at seedConfiguration (src/db/seed-configuration.ts:990:17)

    console.log
      ΓÜ¬ Skipped: social.max_summary_length (already exists with value: 600)

      at seedConfiguration (src/db/seed-configuration.ts:990:17)

    console.log
      ΓÜ¬ Skipped: social.max_learning_length (already exists with value: 800)

      at seedConfiguration (src/db/seed-configuration.ts:990:17)

    console.log
      ΓÜ¬ Skipped: social.max_insight_length (already exists with value: 1000)

      at seedConfiguration (src/db/seed-configuration.ts:990:17)

    console.log
      ΓÜ¬ Skipped: social.max_applicability_length (already exists with value: 400)

      at seedConfiguration (src/db/seed-configuration.ts:990:17)

    console.log
      ΓÜ¬ Skipped: social.max_trigger_length (already exists with value: 300)

      at seedConfiguration (src/db/seed-configuration.ts:990:17)

    console.log
      ΓÜ¬ Skipped: social.max_response_length (already exists with value: 500)

      at seedConfiguration (src/db/seed-configuration.ts:990:17)

    console.log
      ΓÜ¬ Skipped: social.max_recommendation_length (already exists with value: 200)

      at seedConfiguration (src/db/seed-configuration.ts:990:17)

    console.log
      ΓÜ¬ Skipped: social.default_confidence (already exists with value: 0.8)

      at seedConfiguration (src/db/seed-configuration.ts:990:17)

    console.log
      ΓÜ¬ Skipped: social.max_recent_interactions (already exists with value: 10)

      at seedConfiguration (src/db/seed-configuration.ts:990:17)

    console.log
      ΓÜ¬ Skipped: social.max_social_learnings (already exists with value: 15)

      at seedConfiguration (src/db/seed-configuration.ts:990:17)

    console.log
      ΓÜ¬ Skipped: social.max_emotional_patterns (already exists with value: 8)

      at seedConfiguration (src/db/seed-configuration.ts:990:17)

    console.log
      ΓÜ¬ Skipped: social.max_recommendations (already exists with value: 5)

      at seedConfiguration (src/db/seed-configuration.ts:990:17)

    console.log
      ΓÜ¬ Skipped: social.relationship_decay_time (already exists with value: 7776000000)

      at seedConfiguration (src/db/seed-configuration.ts:990:17)

    console.log
      ΓÜ¬ Skipped: social.emotional_intensity_default (already exists with value: 0.5)

      at seedConfiguration (src/db/seed-configuration.ts:990:17)

    console.log
      ΓÜ¬ Skipped: social.quality_default (already exists with value: 0.5)

      at seedConfiguration (src/db/seed-configuration.ts:990:17)

    console.log
      ΓÜ¬ Skipped: social.entity_types (already exists with value: 
["person","group","community","organization","family","professional_network","online_community"])

      at seedConfiguration (src/db/seed-configuration.ts:990:17)

    console.log
      ΓÜ¬ Skipped: social.relationship_types (already exists with value: ["friend","close_friend","family
","colleague","mentor","mentee","collaborator","acquaintance","professional_contact","creative_partner","
teacher","student"])

      at seedConfiguration (src/db/seed-configuration.ts:990:17)

    console.log
      ΓÜ¬ Skipped: social.interaction_types (already exists with value: ["conversation","collaboration","
creative_session","problem_solving","learning_session","casual_chat","deep_discussion","project_work","br
ainstorming","conflict_resolution","celebration","support_session"])

      at seedConfiguration (src/db/seed-configuration.ts:990:17)

    console.log
      ΓÜ¬ Skipped: social.emotional_states (already exists with value: ["neutral","curious","analytical",
"engaged","reflective","determined","excited","enthusiastic","inspired","contemplative","focused","relaxe
d","content","grateful","appreciative","empathetic","supportive","encouraging","nostalgic","hopeful","cau
tious","uncertain","conflicted","overwhelmed","frustrated","disappointed","concerned","protective","conne
cted","understood","misunderstood","respected","valued","included","excluded","lonely","loved","caring"])

      at seedConfiguration (src/db/seed-configuration.ts:990:17)

    console.log
      ΓÜ¬ Skipped: social.learning_types (already exists with value: ["communication_pattern","relationsh
ip_dynamic","emotional_intelligence","conflict_resolution","collaboration_style","personality_insight","c
ultural_understanding","group_dynamic","leadership_observation","empathy_development","boundary_recogniti
on","trust_building","social_cue_recognition","conversation_flow","emotional_support"])

      at seedConfiguration (src/db/seed-configuration.ts:990:17)

    console.log
      ΓÜ¬ Skipped: genai.api_key (already exists with value: )

      at seedConfiguration (src/db/seed-configuration.ts:990:17)

    console.log
      ΓÜ¬ Skipped: genai.model_name (already exists with value: gemini-2.5-flash)

      at seedConfiguration (src/db/seed-configuration.ts:990:17)

    console.log
      ΓÜ¬ Skipped: genai.max_prompt_length (already exists with value: 8000)

      at seedConfiguration (src/db/seed-configuration.ts:990:17)

    console.log
      ΓÜ¬ Skipped: genai.response_timeout_ms (already exists with value: 30000)

      at seedConfiguration (src/db/seed-configuration.ts:990:17)

    console.log
      ΓÜ¬ Skipped: genai.enable_fallback (already exists with value: true)

      at seedConfiguration (src/db/seed-configuration.ts:990:17)

    console.log
      ΓÜ¬ Skipped: daydreaming.enabled (already exists with value: true)

      at seedConfiguration (src/db/seed-configuration.ts:990:17)

    console.log
      ΓÜ¬ Skipped: daydreaming.use_genai_evaluation (already exists with value: true)

      at seedConfiguration (src/db/seed-configuration.ts:990:17)

    console.log
      ΓÜ¬ Skipped: daydreaming.sampling_interval_ms (already exists with value: 300000)

      at seedConfiguration (src/db/seed-configuration.ts:990:17)

    console.log
      ΓÜ¬ Skipped: daydreaming.max_concept_pairs_per_cycle (already exists with value: 3)

      at seedConfiguration (src/db/seed-configuration.ts:990:17)

    console.log
      ΓÜ¬ Skipped: daydreaming.novelty_threshold (already exists with value: 0.6)

      at seedConfiguration (src/db/seed-configuration.ts:990:17)

    console.log
      ΓÜ¬ Skipped: daydreaming.plausibility_threshold (already exists with value: 0.5)

      at seedConfiguration (src/db/seed-configuration.ts:990:17)

    console.log
      ΓÜ¬ Skipped: daydreaming.value_threshold (already exists with value: 0.6)

      at seedConfiguration (src/db/seed-configuration.ts:990:17)

    console.log
      ΓÜ¬ Skipped: daydreaming.max_cognitive_load (already exists with value: 0.7)

      at seedConfiguration (src/db/seed-configuration.ts:990:17)

    console.log
      ΓÜ¬ Skipped: system.cache_expiry_ms (already exists with value: 300000)

      at seedConfiguration (src/db/seed-configuration.ts:990:17)

    console.log
      Configuration seeding complete. Seeded 0 new values, skipped 122 existing values.

      at seedConfiguration (src/db/seed-configuration.ts:1002:11)


Test Suites: 1 failed, 5 passed, 6 total
Tests:       1 failed, 105 passed, 106 total
Snapshots:   0 total
Time:        10.631 s
Ran all test suites.
